// Jest Snapshot v1, https://goo.gl/fbAQLP

exports[`Should Breadcrumbs render correctly 1`] = `
<div>
  <nav
    class="breadcrumbs"
  >
    <ul
      class="breadcrumbs__list"
    >
      <li
        class="breadcrumbs__item"
      >
        <a
          class="breadcrumbs__link"
          href="/films/1"
        >
          The Grand Budapest Hotel
        </a>
      </li>
      <li
        class="breadcrumbs__item"
      >
        <a
          class="breadcrumbs__link"
          href="#"
        >
          Add review
        </a>
      </li>
    </ul>
  </nav>
</div>
`;
