// Jest Snapshot v1, https://goo.gl/fbAQLP

exports[`Should MyListButton render correctly 1`] = `
<div>
  <button
    class="btn btn--list movie-card__button"
    type="button"
  >
    <svg
      height="20"
      viewBox="0 0 19 20"
      width="19"
    >
      <use
        data-testid="add"
        xlink:href="#add"
      />
    </svg>
    <span>
      My list
    </span>
  </button>
</div>
`;
