// Jest Snapshot v1, https://goo.gl/fbAQLP

exports[`Should MovieContentOverview render correctly 1`] = `
<div>
  <div
    class="movie-rating"
  >
    <div
      class="movie-rating__score"
    >
      8.9
    </div>
    <p
      class="movie-rating__meta"
    >
      <span
        class="movie-rating__level"
      >
        Very good
      </span>
      <span
        class="movie-rating__count"
      >
        240
         ratings
      </span>
    </p>
  </div>
  <div
    class="movie-card__text"
  >
    <p>
      In the 1930s, the Grand Budapest Hotel is a popular European ski resort, presided over by concierge Gustave H. (Ralph Fiennes). Zero, a junior lobby boy, becomes Gustave's friend and protege.
    </p>
    <p
      class="movie-card__director"
    >
      <strong>
        Director: 
        Wes Andreson
      </strong>
    </p>
    <p
      class="movie-card__starring"
    >
      <strong>
        Starring: 
        Bill Murray, Edward Norton, Jude Law, Willem Dafoe, Saoirse Ronan
      </strong>
    </p>
  </div>
</div>
`;
